=== Pre-deployment validation ===

PLAY [Validate candidate configuration before deployment] **********************

TASK [Load candidate configuration] ********************************************
ok: [localhost]

TASK [Load approved release policy] ********************************************
ok: [localhost]

TASK [Validate required configuration fields] **********************************
ok: [localhost] => {
    "changed": false,
    "msg": "Required configuration fields are present."
}

TASK [Validate candidate version against approved release] *********************
fatal: [localhost]: FAILED! => {
    "assertion": "(candidate_config.version | string) == (release_policy.approved_version | string)",
    "changed": false,
    "evaluated_to": false,
    "msg": "Pre-deployment validation failed. Approved version=7.2, candidate version=7.3."
}

PLAY RECAP *********************************************************************
localhost                  : ok=3    changed=0    unreachable=0    failed=1    skipped=0    rescued=0    ignored=0   

