=== Pre-deployment validation ===

PLAY [Validate candidate configuration before deployment] **********************

TASK [Load candidate configuration] ********************************************
ok: [localhost]

TASK [Load approved release policy] ********************************************
ok: [localhost]

TASK [Validate required configuration fields] **********************************
ok: [localhost] => {
    "changed": false,
    "msg": "Required configuration fields are present."
}

TASK [Validate candidate version against approved release] *********************
ok: [localhost] => {
    "changed": false,
    "msg": "Pre-deployment validation passed for approved version 7.2."
}

PLAY RECAP *********************************************************************
localhost                  : ok=4    changed=0    unreachable=0    failed=0    skipped=0    rescued=0    ignored=0   


=== Deploy approved configuration ===

PLAY [Deploy approved application configuration] *******************************

TASK [Load approved candidate configuration] ***********************************
ok: [localhost]

TASK [Ensure application configuration directory exists] ***********************
ok: [localhost]

TASK [Deploy approved configuration] *******************************************
ok: [localhost]

TASK [Calculate deployed configuration checksum] *******************************
ok: [localhost]

TASK [Record deployment evidence] **********************************************
changed: [localhost]

PLAY RECAP *********************************************************************
localhost                  : ok=5    changed=1    unreachable=0    failed=0    skipped=0    rescued=0    ignored=0   


=== Post-deployment verification ===

PLAY [Verify deployed configuration] *******************************************

TASK [Load approved release policy] ********************************************
ok: [localhost]

TASK [Read deployed configuration] *********************************************
ok: [localhost]

TASK [Parse deployed YAML configuration] ***************************************
ok: [localhost]

TASK [Calculate candidate configuration checksum] ******************************
ok: [localhost]

TASK [Calculate deployed configuration checksum] *******************************
ok: [localhost]

TASK [Verify deployed configuration] *******************************************
ok: [localhost] => {
    "changed": false,
    "msg": "Post-deployment verification passed. Approved version and SHA-256 checksum match."
}

TASK [Record validation evidence] **********************************************
changed: [localhost]

PLAY RECAP *********************************************************************
localhost                  : ok=7    changed=1    unreachable=0    failed=0    skipped=0    rescued=0    ignored=0   


=== Deployment accepted ===
